// Jest Snapshot v1, https://goo.gl/fbAQLP

exports[`Header Snapshot renders 1`] = `
<div
  className="Home"
>
  <div
    className="Header"
  >
    <header
      className="MuiPaper-root-10 MuiPaper-elevation4-16 MuiAppBar-root-1 MuiAppBar-positionStatic-5 MuiAppBar-colorDefault-7"
    >
      <div
        className="MuiToolbar-root-37 MuiToolbar-regular-39 MuiToolbar-gutters-38"
      >
        <h6
          className="MuiTypography-root-41 MuiTypography-h6-58 MuiTypography-colorInherit-70"
        >
          Dev Bahia
        </h6>
      </div>
    </header>
  </div>
  <div
    className="MuiPaper-root-10 MuiPaper-elevation1-13 MuiPaper-rounded-11 MuiCard-root-76"
  >
    <div
      className="MuiCardContent-root-77"
    >
      <h1>
        Hello Dev Bahia
      </h1>
      <div
        className="MuiCardActions-root-78"
      >
        <button
          className="MuiButtonBase-root-106 MuiButton-root-80 MuiButton-text-82 MuiButton-textPrimary-83 MuiButton-flat-85 MuiButton-flatPrimary-86 MuiButton-sizeSmall-103 MuiCardActions-action-79"
          disabled={false}
          onBlur={[Function]}
          onFocus={[Function]}
          onKeyDown={[Function]}
          onKeyUp={[Function]}
          onMouseDown={[Function]}
          onMouseLeave={[Function]}
          onMouseUp={[Function]}
          onTouchEnd={[Function]}
          onTouchMove={[Function]}
          onTouchStart={[Function]}
          tabIndex="0"
          type="button"
        >
          <span
            className="MuiButton-label-81"
          >
            Learn More
          </span>
          <span
            className="MuiTouchRipple-root-109"
          />
        </button>
      </div>
    </div>
  </div>
</div>
`;
