// Jest Snapshot v1, https://goo.gl/fbAQLP

exports[`Header Snapshot renders 1`] = `
<div
  className="Header"
>
  <header
    className="MuiPaper-root-10 MuiPaper-elevation4-16 MuiAppBar-root-1 MuiAppBar-positionStatic-5 MuiAppBar-colorDefault-7"
  >
    <div
      className="MuiToolbar-root-37 MuiToolbar-regular-39 MuiToolbar-gutters-38"
    >
      <h6
        className="MuiTypography-root-41 MuiTypography-h6-58 MuiTypography-colorInherit-70"
      >
        Dev Bahia
      </h6>
    </div>
  </header>
</div>
`;
