// Jest Snapshot v1, https://goo.gl/fbAQLP

exports[`App Snapshot renders 1`] = `
<div
  className="MuiPaper-root-2 MuiPaper-elevation1-5 MuiPaper-rounded-3 MuiCard-root-1 App"
>
  <div
    className="MuiCardContent-root-29"
  >
    <h1>
      Hello Dev Bahia
    </h1>
    <div
      className="MuiCardActions-root-30"
    >
      <button
        className="MuiButtonBase-root-58 MuiButton-root-32 MuiButton-text-34 MuiButton-textPrimary-35 MuiButton-flat-37 MuiButton-flatPrimary-38 MuiButton-sizeSmall-55 MuiCardActions-action-31"
        disabled={false}
        onBlur={[Function]}
        onFocus={[Function]}
        onKeyDown={[Function]}
        onKeyUp={[Function]}
        onMouseDown={[Function]}
        onMouseLeave={[Function]}
        onMouseUp={[Function]}
        onTouchEnd={[Function]}
        onTouchMove={[Function]}
        onTouchStart={[Function]}
        tabIndex="0"
        type="button"
      >
        <span
          className="MuiButton-label-33"
        >
          Learn More
        </span>
        <span
          className="MuiTouchRipple-root-61"
        />
      </button>
    </div>
  </div>
</div>
`;
